src/services/adminService.ts(1166,38): error TS2339: Property 'type' does not exist on type '{ id: any; title: any; end_time: any; }'.
src/services/adminService.ts(1166,69): error TS2339: Property 'type' does not exist on type '{ id: any; title: any; end_time: any; }'.
src/services/adminService.ts(1167,42): error TS2339: Property 'scope_faculty' does not exist on type '{ id: any; title: any; end_time: any; }'.
src/services/adminService.ts(1167,68): error TS2339: Property 'scope_faculty' does not exist on type '{ id: any; title: any; end_time: any; }'.
src/services/adminService.ts(1167,104): error TS2339: Property 'scope_faculty' does not exist on type '{ id: any; title: any; end_time: any; }'.
src/services/adminService.ts(1168,80): error TS2339: Property 'scope_faculty' does not exist on type '{ id: any; title: any; end_time: any; }'.
src/services/adminService.ts(1170,42): error TS2339: Property 'type' does not exist on type '{ id: any; title: any; end_time: any; }'.
src/services/adminService.ts(1170,78): error TS2339: Property 'scope_department' does not exist on type '{ id: any; title: any; end_time: any; }'.
src/services/adminService.ts(1170,107): error TS2339: Property 'scope_department' does not exist on type '{ id: any; title: any; end_time: any; }'.
src/services/adminService.ts(1170,146): error TS2339: Property 'scope_department' does not exist on type '{ id: any; title: any; end_time: any; }'.
src/services/adminService.ts(1171,83): error TS2339: Property 'scope_department' does not exist on type '{ id: any; title: any; end_time: any; }'.
